// Jest Snapshot v1, https://goo.gl/fbAQLP

exports[`renders gallery page 1`] = `
<div>
  <div
    class="max-w-screen-xl mt-14 m-auto"
  >
    <div
      class="flex justify-start items-center gap-4 flex-wrap"
    >
      <div
        class="overflow-hidden cursor-pointer rounded-xl relative group w-[49%]"
      >
        <div
          class="rounded-xl z-50 opacity-0 group-hover:opacity-100 transition duration-300 ease-in-out cursor-pointer absolute from-black/80 to-transparent bg-gradient-to-t inset-x-0 -bottom-2 pt-30 flex items-end"
        >
          <div
            class="transform-gpu p-4 space-y-3 group-hover:opacity-100 group-hover:translate-y-0 translate-y-4 pb-10 transform transition duration-300 ease-in-out flex justify-between w-full items-end"
          >
            <div
              class="font-semibold text-white text-2xl"
            />
            <div
              class="flex gap-3"
            >
              <button
                class="py-1 px-3 flex gap-3 justify-between items-center border border-[#D1D4D8] bg-[#F1F3F5] hover:bg-[#dce3e9] rounded-md"
              >
                Share
                <svg
                  fill="currentColor"
                  height="1em"
                  stroke="currentColor"
                  stroke-width="0"
                  viewBox="0 0 24 24"
                  width="1em"
                  xmlns="http://www.w3.org/2000/svg"
                >
                  <path
                    d="M20 5.5a3.498 3.498 0 0 1-6.062 2.385l-5.112 3.021a3.498 3.498 0 0 1 0 2.188l5.112 3.021a3.5 3.5 0 1 1-.764 1.29l-5.112-3.02a3.499 3.499 0 1 1-3.843-5.642 3.499 3.499 0 0 1 3.843.872l5.112-3.021A3.5 3.5 0 1 1 20 5.5Zm-1.5 13a2 2 0 1 0-3.999-.001 2 2 0 0 0 3.999.001Zm0-13a2 2 0 1 0-3.999-.001A2 2 0 0 0 18.5 5.5ZM5.5 14a2 2 0 1 0 .001-3.999A2 2 0 0 0 5.5 14Z"
                  />
                </svg>
              </button>
              <button
                class="py-1 px-3 flex gap-3 justify-between items-center border border-[#D1D4D8] bg-[#F1F3F5] hover:bg-[#dce3e9] rounded-md"
              >
                Download
                <svg
                  fill="none"
                  height="1em"
                  stroke="currentColor"
                  stroke-linecap="round"
                  stroke-linejoin="round"
                  stroke-width="2"
                  viewBox="0 0 24 24"
                  width="1em"
                  xmlns="http://www.w3.org/2000/svg"
                >
                  <path
                    d="M21 15v4a2 2 0 0 1-2 2H5a2 2 0 0 1-2-2v-4"
                  />
                  <polyline
                    points="7 10 12 15 17 10"
                  />
                  <line
                    x1="12"
                    x2="12"
                    y1="15"
                    y2="3"
                  />
                </svg>
              </button>
            </div>
          </div>
        </div>
        <img
          class="object-cover group-hover:scale-110 transition duration-300 ease-in-out"
        />
      </div>
    </div>
  </div>
</div>
`;
